\BOOKMARK [0][-]{chapter.1}{\376\377\000I\000N\000T\000R\000O\000D\000U\000C\000T\000I\000O\000N}{}% 1
\BOOKMARK [1][-]{section.1.1}{\376\377\000M\000o\000t\000i\000v\000a\000t\000i\000o\000n}{chapter.1}% 2
\BOOKMARK [1][-]{section.1.2}{\376\377\000O\000b\000j\000e\000c\000t\000i\000v\000e\000s\000\040\000a\000n\000d\000\040\000S\000c\000o\000p\000e\000\040\000o\000f\000\040\000t\000h\000e\000\040\000G\000r\000a\000d\000u\000a\000t\000i\000o\000n\000\040\000T\000h\000e\000s\000i\000s}{chapter.1}% 3
\BOOKMARK [1][-]{section.1.3}{\376\377\000T\000e\000n\000t\000a\000t\000i\000v\000e\000\040\000S\000o\000l\000u\000t\000i\000o\000n}{chapter.1}% 4
\BOOKMARK [1][-]{section.1.4}{\376\377\000T\000h\000e\000s\000i\000s\000\040\000O\000r\000g\000a\000n\000i\000z\000a\000t\000i\000o\000n}{chapter.1}% 5
\BOOKMARK [0][-]{chapter.2}{\376\377\000R\000E\000Q\000U\000I\000R\000E\000M\000E\000N\000T\000\040\000S\000U\000R\000V\000E\000Y\000\040\000A\000N\000D\000\040\000A\000N\000A\000L\000Y\000S\000I\000S}{}% 6
\BOOKMARK [1][-]{section.2.1}{\376\377\000S\000t\000a\000t\000u\000s\000\040\000s\000u\000r\000v\000e\000y}{chapter.2}% 7
\BOOKMARK [1][-]{section.2.2}{\376\377\000F\000u\000n\000c\000t\000i\000o\000n\000a\000l\000\040\000O\000v\000e\000r\000v\000i\000e\000w}{chapter.2}% 8
\BOOKMARK [2][-]{subsection.2.2.1}{\376\377\000G\000e\000n\000e\000r\000a\000l\000\040\000u\000s\000e\000\040\000c\000a\000s\000e\000\040\000d\000i\000a\000g\000r\000a\000m}{section.2.2}% 9
\BOOKMARK [2][-]{subsection.2.2.2}{\376\377\000D\000e\000t\000a\000i\000l\000e\000d\000\040\000u\000s\000e\000\040\000c\000a\000s\000e\000\040\000d\000i\000a\000g\000r\000a\000m}{section.2.2}% 10
\BOOKMARK [2][-]{subsection.2.2.3}{\376\377\000B\000u\000s\000i\000n\000e\000s\000s\000\040\000p\000r\000o\000c\000e\000s\000s}{section.2.2}% 11
\BOOKMARK [1][-]{section.2.3}{\376\377\000F\000u\000n\000c\000t\000i\000o\000n\000a\000l\000\040\000d\000e\000s\000c\000r\000i\000p\000t\000i\000o\000n}{chapter.2}% 12
\BOOKMARK [2][-]{subsection.2.3.1}{\376\377\000D\000e\000s\000c\000r\000i\000p\000t\000i\000o\000n\000\040\000o\000f\000\040\000U\000C\000-\0000\0001\000:\000\040\000C\000o\000n\000s\000u\000l\000t\000\040\000M\000e\000d\000i\000c\000a\000l\000\040\000A\000g\000e\000n\000t}{section.2.3}% 13
\BOOKMARK [2][-]{subsection.2.3.2}{\376\377\000D\000e\000s\000c\000r\000i\000p\000t\000i\000o\000n\000\040\000o\000f\000\040\000U\000C\000-\0000\0002\000:\000\040\000U\000p\000l\000o\000a\000d\000\040\000\046\000\040\000A\000n\000a\000l\000y\000z\000e\000\040\000M\000e\000d\000i\000c\000a\000l\000\040\000R\000e\000c\000o\000r\000d}{section.2.3}% 14
\BOOKMARK [2][-]{subsection.2.3.3}{\376\377\000D\000e\000s\000c\000r\000i\000p\000t\000i\000o\000n\000\040\000o\000f\000\040\000U\000C\000-\0000\0003\000:\000\040\000M\000a\000n\000a\000g\000e\000\040\000M\000e\000d\000i\000c\000a\000t\000i\000o\000n\000\040\000R\000e\000m\000i\000n\000d\000e\000r\000s}{section.2.3}% 15
\BOOKMARK [2][-]{subsection.2.3.4}{\376\377\000D\000e\000s\000c\000r\000i\000p\000t\000i\000o\000n\000\040\000o\000f\000\040\000U\000C\000-\0000\0004\000:\000\040\000V\000e\000r\000i\000f\000y\000\040\000P\000i\000l\000l\000\040\000I\000m\000a\000g\000e\000r\000y}{section.2.3}% 16
\BOOKMARK [1][-]{section.2.4}{\376\377\000N\000o\000n\000-\000f\000u\000n\000c\000t\000i\000o\000n\000a\000l\000\040\000r\000e\000q\000u\000i\000r\000e\000m\000e\000n\000t}{chapter.2}% 17
\BOOKMARK [0][-]{chapter.3}{\376\377\000T\000H\000E\000O\000R\000E\000T\000I\000C\000A\000L\000\040\000B\000A\000C\000K\000G\000R\000O\000U\000N\000D\000\040\000A\000N\000D\000\040\000T\000E\000C\000H\000N\000O\000L\000O\000G\000I\000E\000S}{}% 18
\BOOKMARK [1][-]{section.3.1}{\376\377\000K\000n\000o\000w\000l\000e\000d\000g\000e\000\040\000G\000r\000a\000p\000h\000s\000\040\000a\000n\000d\000\040\000L\000a\000b\000e\000l\000e\000d\000\040\000P\000r\000o\000p\000e\000r\000t\000y\000\040\000G\000r\000a\000p\000h\000s\000\040\000\050\000L\000P\000G\000\051}{chapter.3}% 19
\BOOKMARK [2][-]{subsection.3.1.1}{\376\377\000R\000D\000F\000\040\000v\000s\000.\000\040\000L\000a\000b\000e\000l\000e\000d\000\040\000P\000r\000o\000p\000e\000r\000t\000y\000\040\000G\000r\000a\000p\000h\000\040\000\050\000L\000P\000G\000\051}{section.3.1}% 20
\BOOKMARK [2][-]{subsection.3.1.2}{\376\377\000N\000e\000o\0004\000j\000\040\000a\000s\000\040\000t\000h\000e\000\040\000G\000r\000a\000p\000h\000\040\000D\000a\000t\000a\000b\000a\000s\000e\000\040\000E\000n\000g\000i\000n\000e}{section.3.1}% 21
\BOOKMARK [1][-]{section.3.2}{\376\377\000R\000e\000t\000r\000i\000e\000v\000a\000l\000-\000A\000u\000g\000m\000e\000n\000t\000e\000d\000\040\000G\000e\000n\000e\000r\000a\000t\000i\000o\000n\000\040\000\050\000R\000A\000G\000\051\000\040\000a\000n\000d\000\040\000G\000r\000a\000p\000h\000R\000A\000G}{chapter.3}% 22
\BOOKMARK [2][-]{subsection.3.2.1}{\376\377\000C\000l\000a\000s\000s\000i\000c\000a\000l\000\040\000V\000e\000c\000t\000o\000r\000\040\000R\000A\000G}{section.3.2}% 23
\BOOKMARK [2][-]{subsection.3.2.2}{\376\377\000T\000h\000e\000\040\000C\000o\000g\000n\000i\000t\000i\000v\000e\000\040\000L\000i\000m\000i\000t\000a\000t\000i\000o\000n\000s\000\040\000o\000f\000\040\000V\000e\000c\000t\000o\000r\000\040\000R\000A\000G}{section.3.2}% 24
\BOOKMARK [2][-]{subsection.3.2.3}{\376\377\000T\000h\000e\000\040\000P\000a\000r\000a\000d\000i\000g\000m\000\040\000S\000h\000i\000f\000t\000\040\000t\000o\000\040\000G\000r\000a\000p\000h\000R\000A\000G}{section.3.2}% 25
\BOOKMARK [1][-]{section.3.3}{\376\377\000A\000g\000e\000n\000t\000i\000c\000\040\000A\000I\000\040\000a\000n\000d\000\040\000D\000i\000a\000l\000o\000g\000\040\000S\000t\000a\000t\000e\000\040\000O\000r\000c\000h\000e\000s\000t\000r\000a\000t\000i\000o\000n}{chapter.3}% 26
\BOOKMARK [2][-]{subsection.3.3.1}{\376\377\000H\000y\000b\000r\000i\000d\000\040\000I\000n\000t\000e\000n\000t\000\040\000R\000o\000u\000t\000i\000n\000g\000\040\000A\000r\000c\000h\000i\000t\000e\000c\000t\000u\000r\000e}{section.3.3}% 27
\BOOKMARK [2][-]{subsection.3.3.2}{\376\377\000T\000h\000e\000\040\000R\000e\000A\000c\000t\000\040\000\050\000R\000e\000a\000s\000o\000n\000i\000n\000g\000\040\000a\000n\000d\000\040\000A\000c\000t\000i\000n\000g\000\051\000\040\000F\000r\000a\000m\000e\000w\000o\000r\000k}{section.3.3}% 28
\BOOKMARK [2][-]{subsection.3.3.3}{\376\377\000A\000g\000e\000n\000t\000\040\000S\000a\000f\000e\000g\000u\000a\000r\000d\000s\000:\000\040\000L\000o\000o\000p\000-\000G\000u\000a\000r\000d\000s\000\040\000a\000n\000d\000\040\000F\000o\000r\000m\000a\000t\000\040\000R\000e\000c\000o\000v\000e\000r\000y}{section.3.3}% 29
\BOOKMARK [2][-]{subsection.3.3.4}{\376\377\000S\000t\000a\000t\000e\000f\000u\000l\000\040\000D\000i\000a\000l\000o\000g\000\040\000O\000r\000c\000h\000e\000s\000t\000r\000a\000t\000i\000o\000n\000\040\000a\000n\000d\000\040\000S\000i\000m\000p\000l\000i\000f\000i\000e\000d\000\040\000R\000o\000u\000t\000i\000n\000g}{section.3.3}% 30
\BOOKMARK [1][-]{section.3.4}{\376\377\000T\000e\000c\000h\000n\000i\000c\000a\000l\000\040\000I\000n\000f\000r\000a\000s\000t\000r\000u\000c\000t\000u\000r\000e\000\040\000a\000n\000d\000\040\000D\000e\000v\000e\000l\000o\000p\000m\000e\000n\000t\000\040\000S\000t\000a\000c\000k\000\040\000J\000u\000s\000t\000i\000f\000i\000c\000a\000t\000i\000o\000n}{chapter.3}% 31
\BOOKMARK [2][-]{subsection.3.4.1}{\376\377\000F\000a\000s\000t\000A\000P\000I\000\040\000B\000a\000c\000k\000e\000n\000d\000\040\000\050\000P\000y\000t\000h\000o\000n\000\040\0003\000.\0001\0000\000+\000\051}{section.3.4}% 32
\BOOKMARK [2][-]{subsection.3.4.2}{\376\377\000L\000o\000c\000a\000l\000\040\000L\000L\000M\000\040\000H\000o\000s\000t\000i\000n\000g\000\040\000v\000i\000a\000\040\000O\000l\000l\000a\000m\000a}{section.3.4}% 33
\BOOKMARK [2][-]{subsection.3.4.3}{\376\377\000H\000i\000g\000h\000-\000S\000p\000e\000e\000d\000\040\000U\000n\000s\000t\000r\000u\000c\000t\000u\000r\000e\000d\000\040\000D\000a\000t\000a\000\040\000E\000x\000t\000r\000a\000c\000t\000o\000r\000s}{section.3.4}% 34
\BOOKMARK [0][-]{chapter.4}{\376\377\000D\000E\000S\000I\000G\000N\000,\000\040\000I\000M\000P\000L\000E\000M\000E\000N\000T\000A\000T\000I\000O\000N\000,\000\040\000A\000N\000D\000\040\000E\000V\000A\000L\000U\000A\000T\000I\000O\000N}{}% 35
\BOOKMARK [1][-]{section.4.1}{\376\377\000A\000r\000c\000h\000i\000t\000e\000c\000t\000u\000r\000e\000\040\000d\000e\000s\000i\000g\000n}{chapter.4}% 36
\BOOKMARK [2][-]{subsection.4.1.1}{\376\377\000S\000o\000f\000t\000w\000a\000r\000e\000\040\000a\000r\000c\000h\000i\000t\000e\000c\000t\000u\000r\000e\000\040\000s\000e\000l\000e\000c\000t\000i\000o\000n}{section.4.1}% 37
\BOOKMARK [2][-]{subsection.4.1.2}{\376\377\000O\000v\000e\000r\000a\000l\000l\000\040\000d\000e\000s\000i\000g\000n}{section.4.1}% 38
\BOOKMARK [2][-]{subsection.4.1.3}{\376\377\000D\000e\000t\000a\000i\000l\000e\000d\000\040\000p\000a\000c\000k\000a\000g\000e\000\040\000d\000e\000s\000i\000g\000n}{section.4.1}% 39
\BOOKMARK [1][-]{section.4.2}{\376\377\000D\000e\000t\000a\000i\000l\000e\000d\000\040\000d\000e\000s\000i\000g\000n}{chapter.4}% 40
\BOOKMARK [2][-]{subsection.4.2.1}{\376\377\000U\000s\000e\000r\000\040\000i\000n\000t\000e\000r\000f\000a\000c\000e\000\040\000d\000e\000s\000i\000g\000n}{section.4.2}% 41
\BOOKMARK [2][-]{subsection.4.2.2}{\376\377\000L\000a\000y\000e\000r\000\040\000d\000e\000s\000i\000g\000n}{section.4.2}% 42
\BOOKMARK [2][-]{subsection.4.2.3}{\376\377\000D\000a\000t\000a\000b\000a\000s\000e\000\040\000d\000e\000s\000i\000g\000n}{section.4.2}% 43
\BOOKMARK [1][-]{section.4.3}{\376\377\000A\000p\000p\000l\000i\000c\000a\000t\000i\000o\000n\000\040\000B\000u\000i\000l\000d\000i\000n\000g}{chapter.4}% 44
\BOOKMARK [2][-]{subsection.4.3.1}{\376\377\000L\000i\000b\000r\000a\000r\000i\000e\000s\000\040\000a\000n\000d\000\040\000T\000o\000o\000l\000s}{section.4.3}% 45
\BOOKMARK [2][-]{subsection.4.3.2}{\376\377\000A\000c\000h\000i\000e\000v\000e\000m\000e\000n\000t}{section.4.3}% 46
\BOOKMARK [2][-]{subsection.4.3.3}{\376\377\000I\000l\000l\000u\000s\000t\000r\000a\000t\000i\000o\000n\000\040\000o\000f\000\040\000m\000a\000i\000n\000\040\000f\000u\000n\000c\000t\000i\000o\000n\000s}{section.4.3}% 47
\BOOKMARK [2][-]{subsection.4.3.4}{\376\377\000P\000e\000r\000f\000o\000r\000m\000a\000n\000c\000e\000\040\000L\000a\000t\000e\000n\000c\000y\000\040\000O\000p\000t\000i\000m\000i\000z\000a\000t\000i\000o\000n\000s}{section.4.3}% 48
\BOOKMARK [1][-]{section.4.4}{\376\377\000T\000e\000s\000t\000i\000n\000g}{chapter.4}% 49
\BOOKMARK [1][-]{section.4.5}{\376\377\000D\000e\000p\000l\000o\000y\000m\000e\000n\000t}{chapter.4}% 50
\BOOKMARK [0][-]{chapter.5}{\376\377\000S\000O\000L\000U\000T\000I\000O\000N\000\040\000A\000N\000D\000\040\000C\000O\000N\000T\000R\000I\000B\000U\000T\000I\000O\000N}{}% 51
\BOOKMARK [1][-]{section.5.1}{\376\377\000C\000u\000s\000t\000o\000m\000\040\000M\000e\000d\000i\000c\000a\000l\000\040\000K\000n\000o\000w\000l\000e\000d\000g\000e\000\040\000G\000r\000a\000p\000h\000\040\000C\000o\000n\000s\000t\000r\000u\000c\000t\000i\000o\000n\000\040\000a\000n\000d\000\040\000G\000r\000a\000p\000h\000-\000F\000i\000r\000s\000t\000\040\000R\000e\000t\000r\000i\000e\000v\000a\000l}{chapter.5}% 52
\BOOKMARK [1][-]{section.5.2}{\376\377\000R\000o\000b\000u\000s\000t\000\040\000R\000e\000A\000c\000t\000\040\000A\000g\000e\000n\000t\000\040\000L\000o\000o\000p\000-\000G\000u\000a\000r\000d\000\040\000a\000n\000d\000\040\000F\000o\000r\000m\000a\000t\000\040\000R\000e\000c\000o\000v\000e\000r\000y}{chapter.5}% 53
\BOOKMARK [1][-]{section.5.3}{\376\377\000M\000u\000l\000t\000i\000-\000F\000o\000r\000m\000a\000t\000\040\000C\000l\000i\000n\000i\000c\000a\000l\000\040\000R\000e\000c\000o\000r\000d\000\040\000P\000a\000r\000s\000e\000r\000\040\000a\000n\000d\000\040\000A\000u\000t\000o\000m\000a\000t\000i\000c\000\040\000L\000a\000b\000\040\000R\000a\000n\000g\000e\000\040\000C\000o\000m\000p\000a\000r\000i\000s\000o\000n}{chapter.5}% 54
\BOOKMARK [1][-]{section.5.4}{\376\377\000Q\000u\000a\000n\000t\000i\000t\000a\000t\000i\000v\000e\000\040\000E\000v\000a\000l\000u\000a\000t\000i\000o\000n\000\040\000a\000n\000d\000\040\000B\000e\000n\000c\000h\000m\000a\000r\000k\000i\000n\000g}{chapter.5}% 55
\BOOKMARK [1][-]{section.5.5}{\376\377\000T\000r\000i\000a\000n\000g\000u\000l\000a\000t\000e\000d\000\040\000H\000y\000b\000r\000i\000d\000\040\000R\000e\000t\000r\000i\000e\000v\000a\000l\000\040\000\050\000R\000R\000F\000\051\000\040\000a\000n\000d\000\040\000L\000o\000c\000a\000l\000\040\000N\000e\000u\000r\000a\000l\000\040\000C\000r\000o\000s\000s\000-\000E\000n\000c\000o\000d\000e\000r\000\040\000R\000e\000r\000a\000n\000k\000i\000n\000g}{chapter.5}% 56
\BOOKMARK [1][-]{section.5.6}{\376\377\000H\000y\000b\000r\000i\000d\000\040\000I\000n\000t\000e\000n\000t\000\040\000R\000o\000u\000t\000i\000n\000g\000\040\000w\000i\000t\000h\000\040\000Z\000e\000r\000o\000-\000L\000L\000M\000\040\000F\000a\000s\000t\000-\000P\000a\000t\000h\000\040\000a\000n\000d\000\040\000L\000i\000g\000h\000t\000w\000e\000i\000g\000h\000t\000\040\000L\000L\000M\000\040\000C\000l\000a\000s\000s\000i\000f\000i\000e\000r}{chapter.5}% 57
\BOOKMARK [1][-]{section.5.7}{\376\377\000C\000h\000a\000t\000b\000o\000t\000\040\000C\000o\000n\000v\000e\000r\000s\000a\000t\000i\000o\000n\000a\000l\000\040\000M\000e\000m\000o\000r\000y\000\040\000a\000n\000d\000\040\000C\000D\000S\000S\000\040\000P\000D\000F\000\040\000R\000e\000p\000o\000r\000t\000\040\000E\000x\000p\000o\000r\000t}{chapter.5}% 58
\BOOKMARK [1][-]{section.5.8}{\376\377\000C\000l\000i\000n\000i\000c\000a\000l\000\040\000G\000r\000a\000p\000h\000\040\000V\000a\000l\000i\000d\000a\000t\000i\000o\000n\000\040\000a\000n\000d\000\040\000S\000o\000f\000t\000\040\000P\000r\000u\000n\000i\000n\000g\000\040\000\050\000G\000r\000a\000p\000h\000\040\000N\000o\000i\000s\000e\000\040\000R\000e\000d\000u\000c\000t\000i\000o\000n\000\051}{chapter.5}% 59
\BOOKMARK [0][-]{chapter.6}{\376\377\000C\000O\000N\000C\000L\000U\000S\000I\000O\000N\000\040\000A\000N\000D\000\040\000F\000U\000T\000U\000R\000E\000\040\000W\000O\000R\000K}{}% 60
\BOOKMARK [1][-]{section.6.1}{\376\377\000C\000o\000n\000c\000l\000u\000s\000i\000o\000n}{chapter.6}% 61
\BOOKMARK [1][-]{section.6.2}{\376\377\000F\000u\000t\000u\000r\000e\000\040\000W\000o\000r\000k}{chapter.6}% 62
\BOOKMARK [0][-]{section*.30}{\376\377\000R\000E\000F\000E\000R\000E\000N\000C\000E}{}% 63
\BOOKMARK [0][-]{section*.31}{\376\377\000A\000P\000P\000E\000N\000D\000I\000X}{}% 64
\BOOKMARK [0][-]{appendix.A}{\376\377\000U\000S\000E\000\040\000C\000A\000S\000E\000\040\000D\000E\000S\000C\000R\000I\000P\000T\000I\000O\000N\000S}{}% 65
\BOOKMARK [1][-]{section.A.1}{\376\377\000U\000s\000e\000\040\000C\000a\000s\000e\000\040\000U\000C\000-\0000\0001\000:\000\040\000C\000o\000n\000s\000u\000l\000t\000\040\000M\000e\000d\000i\000c\000a\000l\000\040\000A\000g\000e\000n\000t}{appendix.A}% 66
\BOOKMARK [1][-]{section.A.2}{\376\377\000U\000s\000e\000\040\000C\000a\000s\000e\000\040\000U\000C\000-\0000\0002\000:\000\040\000I\000m\000p\000o\000r\000t\000\040\000a\000n\000d\000\040\000A\000n\000a\000l\000y\000z\000e\000\040\000M\000u\000l\000t\000i\000-\000f\000o\000r\000m\000a\000t\000\040\000L\000a\000b\000\040\000R\000e\000p\000o\000r\000t}{appendix.A}% 67
\BOOKMARK [1][-]{section.A.3}{\376\377\000U\000s\000e\000\040\000C\000a\000s\000e\000\040\000U\000C\000-\0000\0003\000:\000\040\000M\000a\000n\000a\000g\000e\000\040\000M\000e\000d\000i\000c\000a\000t\000i\000o\000n\000\040\000S\000c\000h\000e\000d\000u\000l\000e\000\040\000a\000n\000d\000\040\000R\000e\000m\000i\000n\000d\000e\000r}{appendix.A}% 68
